> Task :app:preBuild UP-TO-DATE
> Task :app:preDebugBuild UP-TO-DATE
> Task :app:mergeDebugNativeDebugMetadata NO-SOURCE
> Task :app:dataBindingMergeDependencyArtifactsDebug
> Task :app:generateDebugResValues
> Task :app:generateDebugResources
> Task :app:processDebugGoogleServices
> Task :app:packageDebugResources
> Task :app:processDebugNavigationResources
> Task :app:javaPreCompileDebug
> Task :app:checkDebugAarMetadata
> Task :app:parseDebugLocalResources
> Task :app:compileDebugNavigationResources
> Task :app:mapDebugSourceSetPaths
> Task :app:createDebugCompatibleScreenManifests
> Task :app:extractDeepLinksDebug
> Task :app:mergeDebugResources

> Task :app:processDebugMainManifest
package="com.example.hand_man_work" found in source AndroidManifest.xml: /home/abdihope/AndroidStudioProjects/HandManWork3/app/src/main/AndroidManifest.xml.
Setting the namespace via the package attribute in the source AndroidManifest.xml is no longer supported, and the value is ignored.
Recommendation: remove package="com.example.hand_man_work" from the source AndroidManifest.xml: /home/abdihope/AndroidStudioProjects/HandManWork3/app/src/main/AndroidManifest.xml.

> Task :app:dataBindingGenBaseClassesDebug
> Task :app:processDebugManifest
> Task :app:mergeDebugShaders
> Task :app:compileDebugShaders NO-SOURCE
> Task :app:generateDebugAssets UP-TO-DATE
> Task :app:mergeDebugAssets
> Task :app:compressDebugAssets
> Task :app:processDebugJavaRes NO-SOURCE
> Task :app:desugarDebugFileDependencies
> Task :app:mergeDebugJniLibFolders
> Task :app:checkDebugDuplicateClasses
> Task :app:mergeDebugNativeLibs NO-SOURCE
> Task :app:processDebugManifestForPackage
> Task :app:mergeLibDexDebug
> Task :app:stripDebugDebugSymbols NO-SOURCE
> Task :app:validateSigningDebug
> Task :app:writeDebugAppMetadata
> Task :app:writeDebugSigningConfigVersions
> Task :app:processDebugResources
> Task :app:mergeDebugJavaResource

> Task :app:compileDebugJavaWithJavac
Note: /home/abdihope/AndroidStudioProjects/HandManWork3/app/src/main/java/com/example/hand_man_work/WorkerProfileActivity.java uses unchecked or unsafe operations.
Note: Recompile with -Xlint:unchecked for details.

> Task :app:dexBuilderDebug
> Task :app:mergeProjectDexDebug
> Task :app:mergeExtDexDebug
> Task :app:packageDebug
> Task :app:createDebugApkListingFileRedirect
> Task :app:assembleDebug

[Incubating] Problems report is available at: file:///home/abdihope/AndroidStudioProjects/HandManWork3/build/reports/problems/problems-report.html

BUILD SUCCESSFUL in 12s
36 actionable tasks: 36 executed
